Warning: You are sending unauthenticated requests to the HF Hub. Please set a HF_TOKEN to enable higher rate limits and faster downloads.
[transformers] Token indices sequence length is longer than the specified maximum sequence length for this model (696 > 512). Running this sequence through the model will result in indexing errors
device=mps  model=bert-base-multilingual-cased
assert_no_leakage: OK (4101 train ctx, 557 val ctx, giao nhau = 0)
28454 câu hỏi -> 30540 feature (10s tokenize)
Loading weights:   0%|          | 0/197 [00:00<?, ?it/s]Loading weights: 100%|██████████| 197/197 [00:00<00:00, 23341.18it/s]
[transformers] [1mBertForQuestionAnswering LOAD REPORT[0m from: bert-base-multilingual-cased
Key                                        | Status     | 
-------------------------------------------+------------+-
cls.predictions.transform.LayerNorm.bias   | UNEXPECTED | 
cls.predictions.transform.dense.weight     | UNEXPECTED | 
cls.seq_relationship.bias                  | UNEXPECTED | 
cls.predictions.bias                       | UNEXPECTED | 
cls.predictions.transform.LayerNorm.weight | UNEXPECTED | 
bert.pooler.dense.weight                   | UNEXPECTED | 
bert.pooler.dense.bias                     | UNEXPECTED | 
cls.predictions.transform.dense.bias       | UNEXPECTED | 
cls.seq_relationship.weight                | UNEXPECTED | 
qa_outputs.bias                            | MISSING    | 
qa_outputs.weight                          | MISSING    | 

Notes:
- UNEXPECTED:	can be ignored when loading from different task/architecture; not ok if you expect identical arch.
- MISSING:	those params were newly initialized because missing from the checkpoint. Consider training on your downstream task.
  epoch 1 step 200/2545 loss 4.9388 (132s)
  epoch 1 step 400/2545 loss 3.8832 (289s)
  epoch 1 step 600/2545 loss 3.3619 (453s)
  epoch 1 step 800/2545 loss 3.0339 (611s)
  epoch 1 step 1000/2545 loss 2.8105 (769s)
  epoch 1 step 1200/2545 loss 2.6461 (929s)
  epoch 1 step 1400/2545 loss 2.5180 (1097s)
  epoch 1 step 1600/2545 loss 2.4171 (1258s)
  epoch 1 step 1800/2545 loss 2.3405 (1420s)
  epoch 1 step 2000/2545 loss 2.2717 (1591s)
  epoch 1 step 2200/2545 loss 2.2139 (1766s)
  epoch 1 step 2400/2545 loss 2.1629 (1938s)
Writing model shards:   0%|          | 0/1 [00:00<?, ?it/s]Writing model shards: 100%|██████████| 1/1 [00:00<00:00,  2.85it/s]Writing model shards: 100%|██████████| 1/1 [00:00<00:00,  2.85it/s]
Loading weights:   0%|          | 0/199 [00:00<?, ?it/s]Loading weights: 100%|██████████| 199/199 [00:00<00:00, 4903.54it/s]
epoch 1: loss 2.1316  val_EM 36.67  val_F1 45.79  (2066s)
Writing model shards:   0%|          | 0/1 [00:00<?, ?it/s]Writing model shards: 100%|██████████| 1/1 [00:00<00:00,  2.99it/s]Writing model shards: 100%|██████████| 1/1 [00:00<00:00,  2.99it/s]
  -> epoch 1 là tốt nhất, lưu vào models/mbert
  epoch 2 step 200/2545 loss 1.3974 (164s)
  epoch 2 step 400/2545 loss 1.3591 (327s)
  epoch 2 step 600/2545 loss 1.3469 (488s)
  epoch 2 step 800/2545 loss 1.3399 (650s)
  epoch 2 step 1000/2545 loss 1.3292 (815s)
  epoch 2 step 1200/2545 loss 1.3277 (977s)
  epoch 2 step 1400/2545 loss 1.3183 (1138s)
  epoch 2 step 1600/2545 loss 1.3164 (1308s)
  epoch 2 step 1800/2545 loss 1.3124 (1475s)
  epoch 2 step 2000/2545 loss 1.3084 (1641s)
  epoch 2 step 2200/2545 loss 1.3019 (1804s)
  epoch 2 step 2400/2545 loss 1.2973 (1974s)
Writing model shards:   0%|          | 0/1 [00:00<?, ?it/s]Writing model shards: 100%|██████████| 1/1 [00:00<00:00,  2.59it/s]Writing model shards: 100%|██████████| 1/1 [00:00<00:00,  2.59it/s]
Loading weights:   0%|          | 0/199 [00:00<?, ?it/s]Loading weights: 100%|██████████| 199/199 [00:00<00:00, 9785.19it/s]
epoch 2: loss 1.2960  val_EM 42.00  val_F1 49.13  (2100s)
Writing model shards:   0%|          | 0/1 [00:00<?, ?it/s]Writing model shards: 100%|██████████| 1/1 [00:00<00:00,  1.69it/s]Writing model shards: 100%|██████████| 1/1 [00:00<00:00,  1.69it/s]
  -> epoch 2 là tốt nhất, lưu vào models/mbert

curve -> results/training_curve_mbert.json
